ERROR - 2025-09-29 11:20:08 --> Error connecting to the database: ErrorException: mysqli::real_connect(): php_network_getaddresses: getaddrinfo for cps2_alertomarikeno_db_alemar failed: No such host is known.  in D:\xampp\htdocs\FloodGuard\system\Database\MySQLi\Connection.php:201
Stack trace:
#0 [internal function]: CodeIgniter\Debug\Exceptions->errorHandler(2, 'mysqli::real_co...', 'D:\\xampp\\htdocs...', 201)
#1 D:\xampp\htdocs\FloodGuard\system\Database\MySQLi\Connection.php(201): mysqli->real_connect('cps2_alertomari...', 'mysql', Object(SensitiveParameterValue), 'fdb_main', 3306, '', 0)
#2 D:\xampp\htdocs\FloodGuard\system\Database\BaseConnection.php(421): CodeIgniter\Database\MySQLi\Connection->connect(false)
#3 D:\xampp\htdocs\FloodGuard\system\Database\BaseConnection.php(620): CodeIgniter\Database\BaseConnection->initialize()
#4 D:\xampp\htdocs\FloodGuard\system\Database\BaseBuilder.php(1649): CodeIgniter\Database\BaseConnection->query('SELECT *\nFROM `...', Array, false)
#5 D:\xampp\htdocs\FloodGuard\system\Model.php(286): CodeIgniter\Database\BaseBuilder->get()
#6 D:\xampp\htdocs\FloodGuard\system\BaseModel.php(679): CodeIgniter\Model->doFindAll(0, 0)
#7 D:\xampp\htdocs\FloodGuard\app\Controllers\Forum.php(11): CodeIgniter\BaseModel->findAll()
#8 D:\xampp\htdocs\FloodGuard\system\CodeIgniter.php(933): App\Controllers\Forum->index()
#9 D:\xampp\htdocs\FloodGuard\system\CodeIgniter.php(507): CodeIgniter\CodeIgniter->runController(Object(App\Controllers\Forum))
#10 D:\xampp\htdocs\FloodGuard\system\CodeIgniter.php(354): CodeIgniter\CodeIgniter->handleRequest(NULL, Object(Config\Cache), false)
#11 D:\xampp\htdocs\FloodGuard\system\Boot.php(334): CodeIgniter\CodeIgniter->run()
#12 D:\xampp\htdocs\FloodGuard\system\Boot.php(67): CodeIgniter\Boot::runCodeIgniter(Object(CodeIgniter\CodeIgniter))
#13 D:\xampp\htdocs\FloodGuard\public\index.php(66): CodeIgniter\Boot::bootWeb(Object(Config\Paths))
#14 {main}

Next mysqli_sql_exception: php_network_getaddresses: getaddrinfo for cps2_alertomarikeno_db_alemar failed: No such host is known.  in D:\xampp\htdocs\FloodGuard\system\Database\MySQLi\Connection.php:201
Stack trace:
#0 D:\xampp\htdocs\FloodGuard\system\Database\MySQLi\Connection.php(201): mysqli->real_connect('cps2_alertomari...', 'mysql', Object(SensitiveParameterValue), 'fdb_main', 3306, '', 0)
#1 D:\xampp\htdocs\FloodGuard\system\Database\BaseConnection.php(421): CodeIgniter\Database\MySQLi\Connection->connect(false)
#2 D:\xampp\htdocs\FloodGuard\system\Database\BaseConnection.php(620): CodeIgniter\Database\BaseConnection->initialize()
#3 D:\xampp\htdocs\FloodGuard\system\Database\BaseBuilder.php(1649): CodeIgniter\Database\BaseConnection->query('SELECT *\nFROM `...', Array, false)
#4 D:\xampp\htdocs\FloodGuard\system\Model.php(286): CodeIgniter\Database\BaseBuilder->get()
#5 D:\xampp\htdocs\FloodGuard\system\BaseModel.php(679): CodeIgniter\Model->doFindAll(0, 0)
#6 D:\xampp\htdocs\FloodGuard\app\Controllers\Forum.php(11): CodeIgniter\BaseModel->findAll()
#7 D:\xampp\htdocs\FloodGuard\system\CodeIgniter.php(933): App\Controllers\Forum->index()
#8 D:\xampp\htdocs\FloodGuard\system\CodeIgniter.php(507): CodeIgniter\CodeIgniter->runController(Object(App\Controllers\Forum))
#9 D:\xampp\htdocs\FloodGuard\system\CodeIgniter.php(354): CodeIgniter\CodeIgniter->handleRequest(NULL, Object(Config\Cache), false)
#10 D:\xampp\htdocs\FloodGuard\system\Boot.php(334): CodeIgniter\CodeIgniter->run()
#11 D:\xampp\htdocs\FloodGuard\system\Boot.php(67): CodeIgniter\Boot::runCodeIgniter(Object(CodeIgniter\CodeIgniter))
#12 D:\xampp\htdocs\FloodGuard\public\index.php(66): CodeIgniter\Boot::bootWeb(Object(Config\Paths))
#13 {main}

Next CodeIgniter\Database\Exceptions\DatabaseException: php_network_getaddresses: getaddrinfo for cps2_alertomarikeno_db_alemar failed: No such host is known.  in D:\xampp\htdocs\FloodGuard\system\Database\MySQLi\Connection.php:246
Stack trace:
#0 D:\xampp\htdocs\FloodGuard\system\Database\BaseConnection.php(421): CodeIgniter\Database\MySQLi\Connection->connect(false)
#1 D:\xampp\htdocs\FloodGuard\system\Database\BaseConnection.php(620): CodeIgniter\Database\BaseConnection->initialize()
#2 D:\xampp\htdocs\FloodGuard\system\Database\BaseBuilder.php(1649): CodeIgniter\Database\BaseConnection->query('SELECT *\nFROM `...', Array, false)
#3 D:\xampp\htdocs\FloodGuard\system\Model.php(286): CodeIgniter\Database\BaseBuilder->get()
#4 D:\xampp\htdocs\FloodGuard\system\BaseModel.php(679): CodeIgniter\Model->doFindAll(0, 0)
#5 D:\xampp\htdocs\FloodGuard\app\Controllers\Forum.php(11): CodeIgniter\BaseModel->findAll()
#6 D:\xampp\htdocs\FloodGuard\system\CodeIgniter.php(933): App\Controllers\Forum->index()
#7 D:\xampp\htdocs\FloodGuard\system\CodeIgniter.php(507): CodeIgniter\CodeIgniter->runController(Object(App\Controllers\Forum))
#8 D:\xampp\htdocs\FloodGuard\system\CodeIgniter.php(354): CodeIgniter\CodeIgniter->handleRequest(NULL, Object(Config\Cache), false)
#9 D:\xampp\htdocs\FloodGuard\system\Boot.php(334): CodeIgniter\CodeIgniter->run()
#10 D:\xampp\htdocs\FloodGuard\system\Boot.php(67): CodeIgniter\Boot::runCodeIgniter(Object(CodeIgniter\CodeIgniter))
#11 D:\xampp\htdocs\FloodGuard\public\index.php(66): CodeIgniter\Boot::bootWeb(Object(Config\Paths))
#12 {main}
CRITICAL - 2025-09-29 11:20:08 --> CodeIgniter\Database\Exceptions\DatabaseException: Unable to connect to the database.
Main connection [MySQLi]: php_network_getaddresses: getaddrinfo for cps2_alertomarikeno_db_alemar failed: No such host is known. 
[Method: GET, Route: forum]
in SYSTEMPATH\Database\BaseConnection.php on line 467.
 1 SYSTEMPATH\Database\BaseConnection.php(620): CodeIgniter\Database\BaseConnection->initialize()
 2 SYSTEMPATH\Database\BaseBuilder.php(1649): CodeIgniter\Database\BaseConnection->query('SELECT *
FROM `posts`
ORDER BY `created_at` DESC', [], false)
 3 SYSTEMPATH\Model.php(286): CodeIgniter\Database\BaseBuilder->get()
 4 SYSTEMPATH\BaseModel.php(679): CodeIgniter\Model->doFindAll(0, 0)
 5 APPPATH\Controllers\Forum.php(11): CodeIgniter\BaseModel->findAll()
 6 SYSTEMPATH\CodeIgniter.php(933): App\Controllers\Forum->index()
 7 SYSTEMPATH\CodeIgniter.php(507): CodeIgniter\CodeIgniter->runController(Object(App\Controllers\Forum))
 8 SYSTEMPATH\CodeIgniter.php(354): CodeIgniter\CodeIgniter->handleRequest(null, Object(Config\Cache), false)
 9 SYSTEMPATH\Boot.php(334): CodeIgniter\CodeIgniter->run()
10 SYSTEMPATH\Boot.php(67): CodeIgniter\Boot::runCodeIgniter(Object(CodeIgniter\CodeIgniter))
11 FCPATH\index.php(66): CodeIgniter\Boot::bootWeb(Object(Config\Paths))
ERROR - 2025-09-29 19:20:14 --> Error connecting to the database: ErrorException: mysqli::real_connect(): php_network_getaddresses: getaddrinfo for cps2_alertomarikeno_db_alemar failed: No such host is known.  in D:\xampp\htdocs\FloodGuard\system\Database\MySQLi\Connection.php:201
Stack trace:
#0 [internal function]: CodeIgniter\Debug\Exceptions->errorHandler(2, 'mysqli::real_co...', 'D:\\xampp\\htdocs...', 201)
#1 D:\xampp\htdocs\FloodGuard\system\Database\MySQLi\Connection.php(201): mysqli->real_connect('cps2_alertomari...', 'mysql', Object(SensitiveParameterValue), 'fdb_main', 3306, '', 0)
#2 D:\xampp\htdocs\FloodGuard\system\Database\BaseConnection.php(421): CodeIgniter\Database\MySQLi\Connection->connect(false)
#3 D:\xampp\htdocs\FloodGuard\system\Database\BaseConnection.php(620): CodeIgniter\Database\BaseConnection->initialize()
#4 D:\xampp\htdocs\FloodGuard\system\Database\BaseBuilder.php(2345): CodeIgniter\Database\BaseConnection->query('INSERT INTO `po...', Array, false)
#5 D:\xampp\htdocs\FloodGuard\system\Model.php(394): CodeIgniter\Database\BaseBuilder->insert()
#6 D:\xampp\htdocs\FloodGuard\system\BaseModel.php(843): CodeIgniter\Model->doInsert(Array)
#7 D:\xampp\htdocs\FloodGuard\system\Model.php(800): CodeIgniter\BaseModel->insert(Array, true)
#8 D:\xampp\htdocs\FloodGuard\app\Controllers\AutoPost.php(41): CodeIgniter\Model->insert(Array)
#9 D:\xampp\htdocs\FloodGuard\system\CodeIgniter.php(933): App\Controllers\AutoPost->index()
#10 D:\xampp\htdocs\FloodGuard\system\CodeIgniter.php(507): CodeIgniter\CodeIgniter->runController(Object(App\Controllers\AutoPost))
#11 D:\xampp\htdocs\FloodGuard\system\CodeIgniter.php(354): CodeIgniter\CodeIgniter->handleRequest(NULL, Object(Config\Cache), false)
#12 D:\xampp\htdocs\FloodGuard\system\Boot.php(334): CodeIgniter\CodeIgniter->run()
#13 D:\xampp\htdocs\FloodGuard\system\Boot.php(67): CodeIgniter\Boot::runCodeIgniter(Object(CodeIgniter\CodeIgniter))
#14 D:\xampp\htdocs\FloodGuard\public\index.php(66): CodeIgniter\Boot::bootWeb(Object(Config\Paths))
#15 {main}

Next mysqli_sql_exception: php_network_getaddresses: getaddrinfo for cps2_alertomarikeno_db_alemar failed: No such host is known.  in D:\xampp\htdocs\FloodGuard\system\Database\MySQLi\Connection.php:201
Stack trace:
#0 D:\xampp\htdocs\FloodGuard\system\Database\MySQLi\Connection.php(201): mysqli->real_connect('cps2_alertomari...', 'mysql', Object(SensitiveParameterValue), 'fdb_main', 3306, '', 0)
#1 D:\xampp\htdocs\FloodGuard\system\Database\BaseConnection.php(421): CodeIgniter\Database\MySQLi\Connection->connect(false)
#2 D:\xampp\htdocs\FloodGuard\system\Database\BaseConnection.php(620): CodeIgniter\Database\BaseConnection->initialize()
#3 D:\xampp\htdocs\FloodGuard\system\Database\BaseBuilder.php(2345): CodeIgniter\Database\BaseConnection->query('INSERT INTO `po...', Array, false)
#4 D:\xampp\htdocs\FloodGuard\system\Model.php(394): CodeIgniter\Database\BaseBuilder->insert()
#5 D:\xampp\htdocs\FloodGuard\system\BaseModel.php(843): CodeIgniter\Model->doInsert(Array)
#6 D:\xampp\htdocs\FloodGuard\system\Model.php(800): CodeIgniter\BaseModel->insert(Array, true)
#7 D:\xampp\htdocs\FloodGuard\app\Controllers\AutoPost.php(41): CodeIgniter\Model->insert(Array)
#8 D:\xampp\htdocs\FloodGuard\system\CodeIgniter.php(933): App\Controllers\AutoPost->index()
#9 D:\xampp\htdocs\FloodGuard\system\CodeIgniter.php(507): CodeIgniter\CodeIgniter->runController(Object(App\Controllers\AutoPost))
#10 D:\xampp\htdocs\FloodGuard\system\CodeIgniter.php(354): CodeIgniter\CodeIgniter->handleRequest(NULL, Object(Config\Cache), false)
#11 D:\xampp\htdocs\FloodGuard\system\Boot.php(334): CodeIgniter\CodeIgniter->run()
#12 D:\xampp\htdocs\FloodGuard\system\Boot.php(67): CodeIgniter\Boot::runCodeIgniter(Object(CodeIgniter\CodeIgniter))
#13 D:\xampp\htdocs\FloodGuard\public\index.php(66): CodeIgniter\Boot::bootWeb(Object(Config\Paths))
#14 {main}

Next CodeIgniter\Database\Exceptions\DatabaseException: php_network_getaddresses: getaddrinfo for cps2_alertomarikeno_db_alemar failed: No such host is known.  in D:\xampp\htdocs\FloodGuard\system\Database\MySQLi\Connection.php:246
Stack trace:
#0 D:\xampp\htdocs\FloodGuard\system\Database\BaseConnection.php(421): CodeIgniter\Database\MySQLi\Connection->connect(false)
#1 D:\xampp\htdocs\FloodGuard\system\Database\BaseConnection.php(620): CodeIgniter\Database\BaseConnection->initialize()
#2 D:\xampp\htdocs\FloodGuard\system\Database\BaseBuilder.php(2345): CodeIgniter\Database\BaseConnection->query('INSERT INTO `po...', Array, false)
#3 D:\xampp\htdocs\FloodGuard\system\Model.php(394): CodeIgniter\Database\BaseBuilder->insert()
#4 D:\xampp\htdocs\FloodGuard\system\BaseModel.php(843): CodeIgniter\Model->doInsert(Array)
#5 D:\xampp\htdocs\FloodGuard\system\Model.php(800): CodeIgniter\BaseModel->insert(Array, true)
#6 D:\xampp\htdocs\FloodGuard\app\Controllers\AutoPost.php(41): CodeIgniter\Model->insert(Array)
#7 D:\xampp\htdocs\FloodGuard\system\CodeIgniter.php(933): App\Controllers\AutoPost->index()
#8 D:\xampp\htdocs\FloodGuard\system\CodeIgniter.php(507): CodeIgniter\CodeIgniter->runController(Object(App\Controllers\AutoPost))
#9 D:\xampp\htdocs\FloodGuard\system\CodeIgniter.php(354): CodeIgniter\CodeIgniter->handleRequest(NULL, Object(Config\Cache), false)
#10 D:\xampp\htdocs\FloodGuard\system\Boot.php(334): CodeIgniter\CodeIgniter->run()
#11 D:\xampp\htdocs\FloodGuard\system\Boot.php(67): CodeIgniter\Boot::runCodeIgniter(Object(CodeIgniter\CodeIgniter))
#12 D:\xampp\htdocs\FloodGuard\public\index.php(66): CodeIgniter\Boot::bootWeb(Object(Config\Paths))
#13 {main}
CRITICAL - 2025-09-29 19:20:14 --> CodeIgniter\Database\Exceptions\DatabaseException: Unable to connect to the database.
Main connection [MySQLi]: php_network_getaddresses: getaddrinfo for cps2_alertomarikeno_db_alemar failed: No such host is known. 
[Method: CLI, Route: autopost]
in SYSTEMPATH\Database\BaseConnection.php on line 467.
 1 SYSTEMPATH\Database\BaseConnection.php(620): CodeIgniter\Database\BaseConnection->initialize()
 2 SYSTEMPATH\Database\BaseBuilder.php(2345): CodeIgniter\Database\BaseConnection->query('INSERT INTO `posts` (`author_name`, `title`, `content`, `created_at`) VALUES (:author_name:, :title:, :content:, :created_at:)', [...], false)
 3 SYSTEMPATH\Model.php(394): CodeIgniter\Database\BaseBuilder->insert()
 4 SYSTEMPATH\BaseModel.php(843): CodeIgniter\Model->doInsert([...])
 5 SYSTEMPATH\Model.php(800): CodeIgniter\BaseModel->insert([...], true)
 6 APPPATH\Controllers\AutoPost.php(41): CodeIgniter\Model->insert([...])
 7 SYSTEMPATH\CodeIgniter.php(933): App\Controllers\AutoPost->index()
 8 SYSTEMPATH\CodeIgniter.php(507): CodeIgniter\CodeIgniter->runController(Object(App\Controllers\AutoPost))
 9 SYSTEMPATH\CodeIgniter.php(354): CodeIgniter\CodeIgniter->handleRequest(null, Object(Config\Cache), false)
10 SYSTEMPATH\Boot.php(334): CodeIgniter\CodeIgniter->run()
11 SYSTEMPATH\Boot.php(67): CodeIgniter\Boot::runCodeIgniter(Object(CodeIgniter\CodeIgniter))
12 FCPATH\index.php(66): CodeIgniter\Boot::bootWeb(Object(Config\Paths))
ERROR - 2025-09-29 11:21:02 --> Error connecting to the database: ErrorException: mysqli::real_connect(): php_network_getaddresses: getaddrinfo for cps2_alertomarikeno_db_alemar failed: No such host is known.  in D:\xampp\htdocs\FloodGuard\system\Database\MySQLi\Connection.php:201
Stack trace:
#0 [internal function]: CodeIgniter\Debug\Exceptions->errorHandler(2, 'mysqli::real_co...', 'D:\\xampp\\htdocs...', 201)
#1 D:\xampp\htdocs\FloodGuard\system\Database\MySQLi\Connection.php(201): mysqli->real_connect('cps2_alertomari...', 'mysql', Object(SensitiveParameterValue), 'fdb_main', 3306, '', 0)
#2 D:\xampp\htdocs\FloodGuard\system\Database\BaseConnection.php(421): CodeIgniter\Database\MySQLi\Connection->connect(false)
#3 D:\xampp\htdocs\FloodGuard\system\Database\BaseConnection.php(620): CodeIgniter\Database\BaseConnection->initialize()
#4 D:\xampp\htdocs\FloodGuard\system\Database\BaseBuilder.php(1649): CodeIgniter\Database\BaseConnection->query('SELECT *\nFROM `...', Array, false)
#5 D:\xampp\htdocs\FloodGuard\system\Model.php(286): CodeIgniter\Database\BaseBuilder->get()
#6 D:\xampp\htdocs\FloodGuard\system\BaseModel.php(679): CodeIgniter\Model->doFindAll(0, 0)
#7 D:\xampp\htdocs\FloodGuard\app\Controllers\Forum.php(11): CodeIgniter\BaseModel->findAll()
#8 D:\xampp\htdocs\FloodGuard\system\CodeIgniter.php(933): App\Controllers\Forum->index()
#9 D:\xampp\htdocs\FloodGuard\system\CodeIgniter.php(507): CodeIgniter\CodeIgniter->runController(Object(App\Controllers\Forum))
#10 D:\xampp\htdocs\FloodGuard\system\CodeIgniter.php(354): CodeIgniter\CodeIgniter->handleRequest(NULL, Object(Config\Cache), false)
#11 D:\xampp\htdocs\FloodGuard\system\Boot.php(334): CodeIgniter\CodeIgniter->run()
#12 D:\xampp\htdocs\FloodGuard\system\Boot.php(67): CodeIgniter\Boot::runCodeIgniter(Object(CodeIgniter\CodeIgniter))
#13 D:\xampp\htdocs\FloodGuard\public\index.php(66): CodeIgniter\Boot::bootWeb(Object(Config\Paths))
#14 {main}

Next mysqli_sql_exception: php_network_getaddresses: getaddrinfo for cps2_alertomarikeno_db_alemar failed: No such host is known.  in D:\xampp\htdocs\FloodGuard\system\Database\MySQLi\Connection.php:201
Stack trace:
#0 D:\xampp\htdocs\FloodGuard\system\Database\MySQLi\Connection.php(201): mysqli->real_connect('cps2_alertomari...', 'mysql', Object(SensitiveParameterValue), 'fdb_main', 3306, '', 0)
#1 D:\xampp\htdocs\FloodGuard\system\Database\BaseConnection.php(421): CodeIgniter\Database\MySQLi\Connection->connect(false)
#2 D:\xampp\htdocs\FloodGuard\system\Database\BaseConnection.php(620): CodeIgniter\Database\BaseConnection->initialize()
#3 D:\xampp\htdocs\FloodGuard\system\Database\BaseBuilder.php(1649): CodeIgniter\Database\BaseConnection->query('SELECT *\nFROM `...', Array, false)
#4 D:\xampp\htdocs\FloodGuard\system\Model.php(286): CodeIgniter\Database\BaseBuilder->get()
#5 D:\xampp\htdocs\FloodGuard\system\BaseModel.php(679): CodeIgniter\Model->doFindAll(0, 0)
#6 D:\xampp\htdocs\FloodGuard\app\Controllers\Forum.php(11): CodeIgniter\BaseModel->findAll()
#7 D:\xampp\htdocs\FloodGuard\system\CodeIgniter.php(933): App\Controllers\Forum->index()
#8 D:\xampp\htdocs\FloodGuard\system\CodeIgniter.php(507): CodeIgniter\CodeIgniter->runController(Object(App\Controllers\Forum))
#9 D:\xampp\htdocs\FloodGuard\system\CodeIgniter.php(354): CodeIgniter\CodeIgniter->handleRequest(NULL, Object(Config\Cache), false)
#10 D:\xampp\htdocs\FloodGuard\system\Boot.php(334): CodeIgniter\CodeIgniter->run()
#11 D:\xampp\htdocs\FloodGuard\system\Boot.php(67): CodeIgniter\Boot::runCodeIgniter(Object(CodeIgniter\CodeIgniter))
#12 D:\xampp\htdocs\FloodGuard\public\index.php(66): CodeIgniter\Boot::bootWeb(Object(Config\Paths))
#13 {main}

Next CodeIgniter\Database\Exceptions\DatabaseException: php_network_getaddresses: getaddrinfo for cps2_alertomarikeno_db_alemar failed: No such host is known.  in D:\xampp\htdocs\FloodGuard\system\Database\MySQLi\Connection.php:246
Stack trace:
#0 D:\xampp\htdocs\FloodGuard\system\Database\BaseConnection.php(421): CodeIgniter\Database\MySQLi\Connection->connect(false)
#1 D:\xampp\htdocs\FloodGuard\system\Database\BaseConnection.php(620): CodeIgniter\Database\BaseConnection->initialize()
#2 D:\xampp\htdocs\FloodGuard\system\Database\BaseBuilder.php(1649): CodeIgniter\Database\BaseConnection->query('SELECT *\nFROM `...', Array, false)
#3 D:\xampp\htdocs\FloodGuard\system\Model.php(286): CodeIgniter\Database\BaseBuilder->get()
#4 D:\xampp\htdocs\FloodGuard\system\BaseModel.php(679): CodeIgniter\Model->doFindAll(0, 0)
#5 D:\xampp\htdocs\FloodGuard\app\Controllers\Forum.php(11): CodeIgniter\BaseModel->findAll()
#6 D:\xampp\htdocs\FloodGuard\system\CodeIgniter.php(933): App\Controllers\Forum->index()
#7 D:\xampp\htdocs\FloodGuard\system\CodeIgniter.php(507): CodeIgniter\CodeIgniter->runController(Object(App\Controllers\Forum))
#8 D:\xampp\htdocs\FloodGuard\system\CodeIgniter.php(354): CodeIgniter\CodeIgniter->handleRequest(NULL, Object(Config\Cache), false)
#9 D:\xampp\htdocs\FloodGuard\system\Boot.php(334): CodeIgniter\CodeIgniter->run()
#10 D:\xampp\htdocs\FloodGuard\system\Boot.php(67): CodeIgniter\Boot::runCodeIgniter(Object(CodeIgniter\CodeIgniter))
#11 D:\xampp\htdocs\FloodGuard\public\index.php(66): CodeIgniter\Boot::bootWeb(Object(Config\Paths))
#12 {main}
CRITICAL - 2025-09-29 11:21:02 --> CodeIgniter\Database\Exceptions\DatabaseException: Unable to connect to the database.
Main connection [MySQLi]: php_network_getaddresses: getaddrinfo for cps2_alertomarikeno_db_alemar failed: No such host is known. 
[Method: GET, Route: forum]
in SYSTEMPATH\Database\BaseConnection.php on line 467.
 1 SYSTEMPATH\Database\BaseConnection.php(620): CodeIgniter\Database\BaseConnection->initialize()
 2 SYSTEMPATH\Database\BaseBuilder.php(1649): CodeIgniter\Database\BaseConnection->query('SELECT *
FROM `posts`
ORDER BY `created_at` DESC', [], false)
 3 SYSTEMPATH\Model.php(286): CodeIgniter\Database\BaseBuilder->get()
 4 SYSTEMPATH\BaseModel.php(679): CodeIgniter\Model->doFindAll(0, 0)
 5 APPPATH\Controllers\Forum.php(11): CodeIgniter\BaseModel->findAll()
 6 SYSTEMPATH\CodeIgniter.php(933): App\Controllers\Forum->index()
 7 SYSTEMPATH\CodeIgniter.php(507): CodeIgniter\CodeIgniter->runController(Object(App\Controllers\Forum))
 8 SYSTEMPATH\CodeIgniter.php(354): CodeIgniter\CodeIgniter->handleRequest(null, Object(Config\Cache), false)
 9 SYSTEMPATH\Boot.php(334): CodeIgniter\CodeIgniter->run()
10 SYSTEMPATH\Boot.php(67): CodeIgniter\Boot::runCodeIgniter(Object(CodeIgniter\CodeIgniter))
11 FCPATH\index.php(66): CodeIgniter\Boot::bootWeb(Object(Config\Paths))
ERROR - 2025-09-29 11:22:01 --> Error connecting to the database: ErrorException: mysqli::real_connect(): php_network_getaddresses: getaddrinfo for cps2_alertomarikeno_db_alemar failed: No such host is known.  in D:\xampp\htdocs\FloodGuard\system\Database\MySQLi\Connection.php:201
Stack trace:
#0 [internal function]: CodeIgniter\Debug\Exceptions->errorHandler(2, 'mysqli::real_co...', 'D:\\xampp\\htdocs...', 201)
#1 D:\xampp\htdocs\FloodGuard\system\Database\MySQLi\Connection.php(201): mysqli->real_connect('cps2_alertomari...', 'mysql', Object(SensitiveParameterValue), 'fdb_main', 3306, '', 0)
#2 D:\xampp\htdocs\FloodGuard\system\Database\BaseConnection.php(421): CodeIgniter\Database\MySQLi\Connection->connect(false)
#3 D:\xampp\htdocs\FloodGuard\system\Database\BaseConnection.php(620): CodeIgniter\Database\BaseConnection->initialize()
#4 D:\xampp\htdocs\FloodGuard\system\Database\BaseBuilder.php(1649): CodeIgniter\Database\BaseConnection->query('SELECT *\nFROM `...', Array, false)
#5 D:\xampp\htdocs\FloodGuard\system\Model.php(286): CodeIgniter\Database\BaseBuilder->get()
#6 D:\xampp\htdocs\FloodGuard\system\BaseModel.php(679): CodeIgniter\Model->doFindAll(0, 0)
#7 D:\xampp\htdocs\FloodGuard\app\Controllers\Forum.php(11): CodeIgniter\BaseModel->findAll()
#8 D:\xampp\htdocs\FloodGuard\system\CodeIgniter.php(933): App\Controllers\Forum->index()
#9 D:\xampp\htdocs\FloodGuard\system\CodeIgniter.php(507): CodeIgniter\CodeIgniter->runController(Object(App\Controllers\Forum))
#10 D:\xampp\htdocs\FloodGuard\system\CodeIgniter.php(354): CodeIgniter\CodeIgniter->handleRequest(NULL, Object(Config\Cache), false)
#11 D:\xampp\htdocs\FloodGuard\system\Boot.php(334): CodeIgniter\CodeIgniter->run()
#12 D:\xampp\htdocs\FloodGuard\system\Boot.php(67): CodeIgniter\Boot::runCodeIgniter(Object(CodeIgniter\CodeIgniter))
#13 D:\xampp\htdocs\FloodGuard\public\index.php(59): CodeIgniter\Boot::bootWeb(Object(Config\Paths))
#14 {main}

Next mysqli_sql_exception: php_network_getaddresses: getaddrinfo for cps2_alertomarikeno_db_alemar failed: No such host is known.  in D:\xampp\htdocs\FloodGuard\system\Database\MySQLi\Connection.php:201
Stack trace:
#0 D:\xampp\htdocs\FloodGuard\system\Database\MySQLi\Connection.php(201): mysqli->real_connect('cps2_alertomari...', 'mysql', Object(SensitiveParameterValue), 'fdb_main', 3306, '', 0)
#1 D:\xampp\htdocs\FloodGuard\system\Database\BaseConnection.php(421): CodeIgniter\Database\MySQLi\Connection->connect(false)
#2 D:\xampp\htdocs\FloodGuard\system\Database\BaseConnection.php(620): CodeIgniter\Database\BaseConnection->initialize()
#3 D:\xampp\htdocs\FloodGuard\system\Database\BaseBuilder.php(1649): CodeIgniter\Database\BaseConnection->query('SELECT *\nFROM `...', Array, false)
#4 D:\xampp\htdocs\FloodGuard\system\Model.php(286): CodeIgniter\Database\BaseBuilder->get()
#5 D:\xampp\htdocs\FloodGuard\system\BaseModel.php(679): CodeIgniter\Model->doFindAll(0, 0)
#6 D:\xampp\htdocs\FloodGuard\app\Controllers\Forum.php(11): CodeIgniter\BaseModel->findAll()
#7 D:\xampp\htdocs\FloodGuard\system\CodeIgniter.php(933): App\Controllers\Forum->index()
#8 D:\xampp\htdocs\FloodGuard\system\CodeIgniter.php(507): CodeIgniter\CodeIgniter->runController(Object(App\Controllers\Forum))
#9 D:\xampp\htdocs\FloodGuard\system\CodeIgniter.php(354): CodeIgniter\CodeIgniter->handleRequest(NULL, Object(Config\Cache), false)
#10 D:\xampp\htdocs\FloodGuard\system\Boot.php(334): CodeIgniter\CodeIgniter->run()
#11 D:\xampp\htdocs\FloodGuard\system\Boot.php(67): CodeIgniter\Boot::runCodeIgniter(Object(CodeIgniter\CodeIgniter))
#12 D:\xampp\htdocs\FloodGuard\public\index.php(59): CodeIgniter\Boot::bootWeb(Object(Config\Paths))
#13 {main}

Next CodeIgniter\Database\Exceptions\DatabaseException: php_network_getaddresses: getaddrinfo for cps2_alertomarikeno_db_alemar failed: No such host is known.  in D:\xampp\htdocs\FloodGuard\system\Database\MySQLi\Connection.php:246
Stack trace:
#0 D:\xampp\htdocs\FloodGuard\system\Database\BaseConnection.php(421): CodeIgniter\Database\MySQLi\Connection->connect(false)
#1 D:\xampp\htdocs\FloodGuard\system\Database\BaseConnection.php(620): CodeIgniter\Database\BaseConnection->initialize()
#2 D:\xampp\htdocs\FloodGuard\system\Database\BaseBuilder.php(1649): CodeIgniter\Database\BaseConnection->query('SELECT *\nFROM `...', Array, false)
#3 D:\xampp\htdocs\FloodGuard\system\Model.php(286): CodeIgniter\Database\BaseBuilder->get()
#4 D:\xampp\htdocs\FloodGuard\system\BaseModel.php(679): CodeIgniter\Model->doFindAll(0, 0)
#5 D:\xampp\htdocs\FloodGuard\app\Controllers\Forum.php(11): CodeIgniter\BaseModel->findAll()
#6 D:\xampp\htdocs\FloodGuard\system\CodeIgniter.php(933): App\Controllers\Forum->index()
#7 D:\xampp\htdocs\FloodGuard\system\CodeIgniter.php(507): CodeIgniter\CodeIgniter->runController(Object(App\Controllers\Forum))
#8 D:\xampp\htdocs\FloodGuard\system\CodeIgniter.php(354): CodeIgniter\CodeIgniter->handleRequest(NULL, Object(Config\Cache), false)
#9 D:\xampp\htdocs\FloodGuard\system\Boot.php(334): CodeIgniter\CodeIgniter->run()
#10 D:\xampp\htdocs\FloodGuard\system\Boot.php(67): CodeIgniter\Boot::runCodeIgniter(Object(CodeIgniter\CodeIgniter))
#11 D:\xampp\htdocs\FloodGuard\public\index.php(59): CodeIgniter\Boot::bootWeb(Object(Config\Paths))
#12 {main}
CRITICAL - 2025-09-29 11:22:01 --> CodeIgniter\Database\Exceptions\DatabaseException: Unable to connect to the database.
Main connection [MySQLi]: php_network_getaddresses: getaddrinfo for cps2_alertomarikeno_db_alemar failed: No such host is known. 
[Method: GET, Route: forum]
in SYSTEMPATH\Database\BaseConnection.php on line 467.
 1 SYSTEMPATH\Database\BaseConnection.php(620): CodeIgniter\Database\BaseConnection->initialize()
 2 SYSTEMPATH\Database\BaseBuilder.php(1649): CodeIgniter\Database\BaseConnection->query('SELECT *
FROM `posts`
ORDER BY `created_at` DESC', [], false)
 3 SYSTEMPATH\Model.php(286): CodeIgniter\Database\BaseBuilder->get()
 4 SYSTEMPATH\BaseModel.php(679): CodeIgniter\Model->doFindAll(0, 0)
 5 APPPATH\Controllers\Forum.php(11): CodeIgniter\BaseModel->findAll()
 6 SYSTEMPATH\CodeIgniter.php(933): App\Controllers\Forum->index()
 7 SYSTEMPATH\CodeIgniter.php(507): CodeIgniter\CodeIgniter->runController(Object(App\Controllers\Forum))
 8 SYSTEMPATH\CodeIgniter.php(354): CodeIgniter\CodeIgniter->handleRequest(null, Object(Config\Cache), false)
 9 SYSTEMPATH\Boot.php(334): CodeIgniter\CodeIgniter->run()
10 SYSTEMPATH\Boot.php(67): CodeIgniter\Boot::runCodeIgniter(Object(CodeIgniter\CodeIgniter))
11 FCPATH\index.php(59): CodeIgniter\Boot::bootWeb(Object(Config\Paths))
ERROR - 2025-09-29 11:22:37 --> Error connecting to the database: ErrorException: mysqli::real_connect(): php_network_getaddresses: getaddrinfo for cps2_alertomarikeno_db_alemar failed: No such host is known.  in D:\xampp\htdocs\FloodGuard\system\Database\MySQLi\Connection.php:201
Stack trace:
#0 [internal function]: CodeIgniter\Debug\Exceptions->errorHandler(2, 'mysqli::real_co...', 'D:\\xampp\\htdocs...', 201)
#1 D:\xampp\htdocs\FloodGuard\system\Database\MySQLi\Connection.php(201): mysqli->real_connect('cps2_alertomari...', 'mysql', Object(SensitiveParameterValue), 'fdb_main', 3306, '', 0)
#2 D:\xampp\htdocs\FloodGuard\system\Database\BaseConnection.php(421): CodeIgniter\Database\MySQLi\Connection->connect(false)
#3 D:\xampp\htdocs\FloodGuard\system\Database\BaseConnection.php(620): CodeIgniter\Database\BaseConnection->initialize()
#4 D:\xampp\htdocs\FloodGuard\system\Database\BaseBuilder.php(1649): CodeIgniter\Database\BaseConnection->query('SELECT *\nFROM `...', Array, false)
#5 D:\xampp\htdocs\FloodGuard\system\Model.php(286): CodeIgniter\Database\BaseBuilder->get()
#6 D:\xampp\htdocs\FloodGuard\system\BaseModel.php(679): CodeIgniter\Model->doFindAll(0, 0)
#7 D:\xampp\htdocs\FloodGuard\app\Controllers\Forum.php(11): CodeIgniter\BaseModel->findAll()
#8 D:\xampp\htdocs\FloodGuard\system\CodeIgniter.php(933): App\Controllers\Forum->index()
#9 D:\xampp\htdocs\FloodGuard\system\CodeIgniter.php(507): CodeIgniter\CodeIgniter->runController(Object(App\Controllers\Forum))
#10 D:\xampp\htdocs\FloodGuard\system\CodeIgniter.php(354): CodeIgniter\CodeIgniter->handleRequest(NULL, Object(Config\Cache), false)
#11 D:\xampp\htdocs\FloodGuard\system\Boot.php(334): CodeIgniter\CodeIgniter->run()
#12 D:\xampp\htdocs\FloodGuard\system\Boot.php(67): CodeIgniter\Boot::runCodeIgniter(Object(CodeIgniter\CodeIgniter))
#13 D:\xampp\htdocs\FloodGuard\public\index.php(59): CodeIgniter\Boot::bootWeb(Object(Config\Paths))
#14 {main}

Next mysqli_sql_exception: php_network_getaddresses: getaddrinfo for cps2_alertomarikeno_db_alemar failed: No such host is known.  in D:\xampp\htdocs\FloodGuard\system\Database\MySQLi\Connection.php:201
Stack trace:
#0 D:\xampp\htdocs\FloodGuard\system\Database\MySQLi\Connection.php(201): mysqli->real_connect('cps2_alertomari...', 'mysql', Object(SensitiveParameterValue), 'fdb_main', 3306, '', 0)
#1 D:\xampp\htdocs\FloodGuard\system\Database\BaseConnection.php(421): CodeIgniter\Database\MySQLi\Connection->connect(false)
#2 D:\xampp\htdocs\FloodGuard\system\Database\BaseConnection.php(620): CodeIgniter\Database\BaseConnection->initialize()
#3 D:\xampp\htdocs\FloodGuard\system\Database\BaseBuilder.php(1649): CodeIgniter\Database\BaseConnection->query('SELECT *\nFROM `...', Array, false)
#4 D:\xampp\htdocs\FloodGuard\system\Model.php(286): CodeIgniter\Database\BaseBuilder->get()
#5 D:\xampp\htdocs\FloodGuard\system\BaseModel.php(679): CodeIgniter\Model->doFindAll(0, 0)
#6 D:\xampp\htdocs\FloodGuard\app\Controllers\Forum.php(11): CodeIgniter\BaseModel->findAll()
#7 D:\xampp\htdocs\FloodGuard\system\CodeIgniter.php(933): App\Controllers\Forum->index()
#8 D:\xampp\htdocs\FloodGuard\system\CodeIgniter.php(507): CodeIgniter\CodeIgniter->runController(Object(App\Controllers\Forum))
#9 D:\xampp\htdocs\FloodGuard\system\CodeIgniter.php(354): CodeIgniter\CodeIgniter->handleRequest(NULL, Object(Config\Cache), false)
#10 D:\xampp\htdocs\FloodGuard\system\Boot.php(334): CodeIgniter\CodeIgniter->run()
#11 D:\xampp\htdocs\FloodGuard\system\Boot.php(67): CodeIgniter\Boot::runCodeIgniter(Object(CodeIgniter\CodeIgniter))
#12 D:\xampp\htdocs\FloodGuard\public\index.php(59): CodeIgniter\Boot::bootWeb(Object(Config\Paths))
#13 {main}

Next CodeIgniter\Database\Exceptions\DatabaseException: php_network_getaddresses: getaddrinfo for cps2_alertomarikeno_db_alemar failed: No such host is known.  in D:\xampp\htdocs\FloodGuard\system\Database\MySQLi\Connection.php:246
Stack trace:
#0 D:\xampp\htdocs\FloodGuard\system\Database\BaseConnection.php(421): CodeIgniter\Database\MySQLi\Connection->connect(false)
#1 D:\xampp\htdocs\FloodGuard\system\Database\BaseConnection.php(620): CodeIgniter\Database\BaseConnection->initialize()
#2 D:\xampp\htdocs\FloodGuard\system\Database\BaseBuilder.php(1649): CodeIgniter\Database\BaseConnection->query('SELECT *\nFROM `...', Array, false)
#3 D:\xampp\htdocs\FloodGuard\system\Model.php(286): CodeIgniter\Database\BaseBuilder->get()
#4 D:\xampp\htdocs\FloodGuard\system\BaseModel.php(679): CodeIgniter\Model->doFindAll(0, 0)
#5 D:\xampp\htdocs\FloodGuard\app\Controllers\Forum.php(11): CodeIgniter\BaseModel->findAll()
#6 D:\xampp\htdocs\FloodGuard\system\CodeIgniter.php(933): App\Controllers\Forum->index()
#7 D:\xampp\htdocs\FloodGuard\system\CodeIgniter.php(507): CodeIgniter\CodeIgniter->runController(Object(App\Controllers\Forum))
#8 D:\xampp\htdocs\FloodGuard\system\CodeIgniter.php(354): CodeIgniter\CodeIgniter->handleRequest(NULL, Object(Config\Cache), false)
#9 D:\xampp\htdocs\FloodGuard\system\Boot.php(334): CodeIgniter\CodeIgniter->run()
#10 D:\xampp\htdocs\FloodGuard\system\Boot.php(67): CodeIgniter\Boot::runCodeIgniter(Object(CodeIgniter\CodeIgniter))
#11 D:\xampp\htdocs\FloodGuard\public\index.php(59): CodeIgniter\Boot::bootWeb(Object(Config\Paths))
#12 {main}
CRITICAL - 2025-09-29 11:22:37 --> CodeIgniter\Database\Exceptions\DatabaseException: Unable to connect to the database.
Main connection [MySQLi]: php_network_getaddresses: getaddrinfo for cps2_alertomarikeno_db_alemar failed: No such host is known. 
[Method: GET, Route: forum]
in SYSTEMPATH\Database\BaseConnection.php on line 467.
 1 SYSTEMPATH\Database\BaseConnection.php(620): CodeIgniter\Database\BaseConnection->initialize()
 2 SYSTEMPATH\Database\BaseBuilder.php(1649): CodeIgniter\Database\BaseConnection->query('SELECT *
FROM `posts`
ORDER BY `created_at` DESC', [], false)
 3 SYSTEMPATH\Model.php(286): CodeIgniter\Database\BaseBuilder->get()
 4 SYSTEMPATH\BaseModel.php(679): CodeIgniter\Model->doFindAll(0, 0)
 5 APPPATH\Controllers\Forum.php(11): CodeIgniter\BaseModel->findAll()
 6 SYSTEMPATH\CodeIgniter.php(933): App\Controllers\Forum->index()
 7 SYSTEMPATH\CodeIgniter.php(507): CodeIgniter\CodeIgniter->runController(Object(App\Controllers\Forum))
 8 SYSTEMPATH\CodeIgniter.php(354): CodeIgniter\CodeIgniter->handleRequest(null, Object(Config\Cache), false)
 9 SYSTEMPATH\Boot.php(334): CodeIgniter\CodeIgniter->run()
10 SYSTEMPATH\Boot.php(67): CodeIgniter\Boot::runCodeIgniter(Object(CodeIgniter\CodeIgniter))
11 FCPATH\index.php(59): CodeIgniter\Boot::bootWeb(Object(Config\Paths))
ERROR - 2025-09-29 11:28:08 --> Error connecting to the database: ErrorException: mysqli::real_connect(): php_network_getaddresses: getaddrinfo for cps2_alertomarikeno_db_alemar failed: No such host is known.  in D:\xampp\htdocs\FloodGuard\system\Database\MySQLi\Connection.php:201
Stack trace:
#0 [internal function]: CodeIgniter\Debug\Exceptions->errorHandler(2, 'mysqli::real_co...', 'D:\\xampp\\htdocs...', 201)
#1 D:\xampp\htdocs\FloodGuard\system\Database\MySQLi\Connection.php(201): mysqli->real_connect('cps2_alertomari...', 'mysql', Object(SensitiveParameterValue), 'fdb_main', 3306, '', 0)
#2 D:\xampp\htdocs\FloodGuard\system\Database\BaseConnection.php(421): CodeIgniter\Database\MySQLi\Connection->connect(false)
#3 D:\xampp\htdocs\FloodGuard\system\Database\BaseConnection.php(620): CodeIgniter\Database\BaseConnection->initialize()
#4 D:\xampp\htdocs\FloodGuard\system\Database\BaseBuilder.php(1649): CodeIgniter\Database\BaseConnection->query('SELECT *\nFROM `...', Array, false)
#5 D:\xampp\htdocs\FloodGuard\system\Model.php(286): CodeIgniter\Database\BaseBuilder->get()
#6 D:\xampp\htdocs\FloodGuard\system\BaseModel.php(679): CodeIgniter\Model->doFindAll(0, 0)
#7 D:\xampp\htdocs\FloodGuard\app\Controllers\Forum.php(11): CodeIgniter\BaseModel->findAll()
#8 D:\xampp\htdocs\FloodGuard\system\CodeIgniter.php(933): App\Controllers\Forum->index()
#9 D:\xampp\htdocs\FloodGuard\system\CodeIgniter.php(507): CodeIgniter\CodeIgniter->runController(Object(App\Controllers\Forum))
#10 D:\xampp\htdocs\FloodGuard\system\CodeIgniter.php(354): CodeIgniter\CodeIgniter->handleRequest(NULL, Object(Config\Cache), false)
#11 D:\xampp\htdocs\FloodGuard\system\Boot.php(334): CodeIgniter\CodeIgniter->run()
#12 D:\xampp\htdocs\FloodGuard\system\Boot.php(67): CodeIgniter\Boot::runCodeIgniter(Object(CodeIgniter\CodeIgniter))
#13 D:\xampp\htdocs\FloodGuard\public\index.php(59): CodeIgniter\Boot::bootWeb(Object(Config\Paths))
#14 {main}

Next mysqli_sql_exception: php_network_getaddresses: getaddrinfo for cps2_alertomarikeno_db_alemar failed: No such host is known.  in D:\xampp\htdocs\FloodGuard\system\Database\MySQLi\Connection.php:201
Stack trace:
#0 D:\xampp\htdocs\FloodGuard\system\Database\MySQLi\Connection.php(201): mysqli->real_connect('cps2_alertomari...', 'mysql', Object(SensitiveParameterValue), 'fdb_main', 3306, '', 0)
#1 D:\xampp\htdocs\FloodGuard\system\Database\BaseConnection.php(421): CodeIgniter\Database\MySQLi\Connection->connect(false)
#2 D:\xampp\htdocs\FloodGuard\system\Database\BaseConnection.php(620): CodeIgniter\Database\BaseConnection->initialize()
#3 D:\xampp\htdocs\FloodGuard\system\Database\BaseBuilder.php(1649): CodeIgniter\Database\BaseConnection->query('SELECT *\nFROM `...', Array, false)
#4 D:\xampp\htdocs\FloodGuard\system\Model.php(286): CodeIgniter\Database\BaseBuilder->get()
#5 D:\xampp\htdocs\FloodGuard\system\BaseModel.php(679): CodeIgniter\Model->doFindAll(0, 0)
#6 D:\xampp\htdocs\FloodGuard\app\Controllers\Forum.php(11): CodeIgniter\BaseModel->findAll()
#7 D:\xampp\htdocs\FloodGuard\system\CodeIgniter.php(933): App\Controllers\Forum->index()
#8 D:\xampp\htdocs\FloodGuard\system\CodeIgniter.php(507): CodeIgniter\CodeIgniter->runController(Object(App\Controllers\Forum))
#9 D:\xampp\htdocs\FloodGuard\system\CodeIgniter.php(354): CodeIgniter\CodeIgniter->handleRequest(NULL, Object(Config\Cache), false)
#10 D:\xampp\htdocs\FloodGuard\system\Boot.php(334): CodeIgniter\CodeIgniter->run()
#11 D:\xampp\htdocs\FloodGuard\system\Boot.php(67): CodeIgniter\Boot::runCodeIgniter(Object(CodeIgniter\CodeIgniter))
#12 D:\xampp\htdocs\FloodGuard\public\index.php(59): CodeIgniter\Boot::bootWeb(Object(Config\Paths))
#13 {main}

Next CodeIgniter\Database\Exceptions\DatabaseException: php_network_getaddresses: getaddrinfo for cps2_alertomarikeno_db_alemar failed: No such host is known.  in D:\xampp\htdocs\FloodGuard\system\Database\MySQLi\Connection.php:246
Stack trace:
#0 D:\xampp\htdocs\FloodGuard\system\Database\BaseConnection.php(421): CodeIgniter\Database\MySQLi\Connection->connect(false)
#1 D:\xampp\htdocs\FloodGuard\system\Database\BaseConnection.php(620): CodeIgniter\Database\BaseConnection->initialize()
#2 D:\xampp\htdocs\FloodGuard\system\Database\BaseBuilder.php(1649): CodeIgniter\Database\BaseConnection->query('SELECT *\nFROM `...', Array, false)
#3 D:\xampp\htdocs\FloodGuard\system\Model.php(286): CodeIgniter\Database\BaseBuilder->get()
#4 D:\xampp\htdocs\FloodGuard\system\BaseModel.php(679): CodeIgniter\Model->doFindAll(0, 0)
#5 D:\xampp\htdocs\FloodGuard\app\Controllers\Forum.php(11): CodeIgniter\BaseModel->findAll()
#6 D:\xampp\htdocs\FloodGuard\system\CodeIgniter.php(933): App\Controllers\Forum->index()
#7 D:\xampp\htdocs\FloodGuard\system\CodeIgniter.php(507): CodeIgniter\CodeIgniter->runController(Object(App\Controllers\Forum))
#8 D:\xampp\htdocs\FloodGuard\system\CodeIgniter.php(354): CodeIgniter\CodeIgniter->handleRequest(NULL, Object(Config\Cache), false)
#9 D:\xampp\htdocs\FloodGuard\system\Boot.php(334): CodeIgniter\CodeIgniter->run()
#10 D:\xampp\htdocs\FloodGuard\system\Boot.php(67): CodeIgniter\Boot::runCodeIgniter(Object(CodeIgniter\CodeIgniter))
#11 D:\xampp\htdocs\FloodGuard\public\index.php(59): CodeIgniter\Boot::bootWeb(Object(Config\Paths))
#12 {main}
CRITICAL - 2025-09-29 11:28:08 --> CodeIgniter\Database\Exceptions\DatabaseException: Unable to connect to the database.
Main connection [MySQLi]: php_network_getaddresses: getaddrinfo for cps2_alertomarikeno_db_alemar failed: No such host is known. 
[Method: GET, Route: forum]
in SYSTEMPATH\Database\BaseConnection.php on line 467.
 1 SYSTEMPATH\Database\BaseConnection.php(620): CodeIgniter\Database\BaseConnection->initialize()
 2 SYSTEMPATH\Database\BaseBuilder.php(1649): CodeIgniter\Database\BaseConnection->query('SELECT *
FROM `posts`
ORDER BY `created_at` DESC', [], false)
 3 SYSTEMPATH\Model.php(286): CodeIgniter\Database\BaseBuilder->get()
 4 SYSTEMPATH\BaseModel.php(679): CodeIgniter\Model->doFindAll(0, 0)
 5 APPPATH\Controllers\Forum.php(11): CodeIgniter\BaseModel->findAll()
 6 SYSTEMPATH\CodeIgniter.php(933): App\Controllers\Forum->index()
 7 SYSTEMPATH\CodeIgniter.php(507): CodeIgniter\CodeIgniter->runController(Object(App\Controllers\Forum))
 8 SYSTEMPATH\CodeIgniter.php(354): CodeIgniter\CodeIgniter->handleRequest(null, Object(Config\Cache), false)
 9 SYSTEMPATH\Boot.php(334): CodeIgniter\CodeIgniter->run()
10 SYSTEMPATH\Boot.php(67): CodeIgniter\Boot::runCodeIgniter(Object(CodeIgniter\CodeIgniter))
11 FCPATH\index.php(59): CodeIgniter\Boot::bootWeb(Object(Config\Paths))
ERROR - 2025-09-29 11:28:10 --> Error connecting to the database: ErrorException: mysqli::real_connect(): php_network_getaddresses: getaddrinfo for cps2_alertomarikeno_db_alemar failed: No such host is known.  in D:\xampp\htdocs\FloodGuard\system\Database\MySQLi\Connection.php:201
Stack trace:
#0 [internal function]: CodeIgniter\Debug\Exceptions->errorHandler(2, 'mysqli::real_co...', 'D:\\xampp\\htdocs...', 201)
#1 D:\xampp\htdocs\FloodGuard\system\Database\MySQLi\Connection.php(201): mysqli->real_connect('cps2_alertomari...', 'mysql', Object(SensitiveParameterValue), 'fdb_main', 3306, '', 0)
#2 D:\xampp\htdocs\FloodGuard\system\Database\BaseConnection.php(421): CodeIgniter\Database\MySQLi\Connection->connect(false)
#3 D:\xampp\htdocs\FloodGuard\system\Database\BaseConnection.php(620): CodeIgniter\Database\BaseConnection->initialize()
#4 D:\xampp\htdocs\FloodGuard\system\Database\BaseBuilder.php(1649): CodeIgniter\Database\BaseConnection->query('SELECT *\nFROM `...', Array, false)
#5 D:\xampp\htdocs\FloodGuard\system\Model.php(286): CodeIgniter\Database\BaseBuilder->get()
#6 D:\xampp\htdocs\FloodGuard\system\BaseModel.php(679): CodeIgniter\Model->doFindAll(0, 0)
#7 D:\xampp\htdocs\FloodGuard\app\Controllers\Forum.php(11): CodeIgniter\BaseModel->findAll()
#8 D:\xampp\htdocs\FloodGuard\system\CodeIgniter.php(933): App\Controllers\Forum->index()
#9 D:\xampp\htdocs\FloodGuard\system\CodeIgniter.php(507): CodeIgniter\CodeIgniter->runController(Object(App\Controllers\Forum))
#10 D:\xampp\htdocs\FloodGuard\system\CodeIgniter.php(354): CodeIgniter\CodeIgniter->handleRequest(NULL, Object(Config\Cache), false)
#11 D:\xampp\htdocs\FloodGuard\system\Boot.php(334): CodeIgniter\CodeIgniter->run()
#12 D:\xampp\htdocs\FloodGuard\system\Boot.php(67): CodeIgniter\Boot::runCodeIgniter(Object(CodeIgniter\CodeIgniter))
#13 D:\xampp\htdocs\FloodGuard\public\index.php(59): CodeIgniter\Boot::bootWeb(Object(Config\Paths))
#14 {main}

Next mysqli_sql_exception: php_network_getaddresses: getaddrinfo for cps2_alertomarikeno_db_alemar failed: No such host is known.  in D:\xampp\htdocs\FloodGuard\system\Database\MySQLi\Connection.php:201
Stack trace:
#0 D:\xampp\htdocs\FloodGuard\system\Database\MySQLi\Connection.php(201): mysqli->real_connect('cps2_alertomari...', 'mysql', Object(SensitiveParameterValue), 'fdb_main', 3306, '', 0)
#1 D:\xampp\htdocs\FloodGuard\system\Database\BaseConnection.php(421): CodeIgniter\Database\MySQLi\Connection->connect(false)
#2 D:\xampp\htdocs\FloodGuard\system\Database\BaseConnection.php(620): CodeIgniter\Database\BaseConnection->initialize()
#3 D:\xampp\htdocs\FloodGuard\system\Database\BaseBuilder.php(1649): CodeIgniter\Database\BaseConnection->query('SELECT *\nFROM `...', Array, false)
#4 D:\xampp\htdocs\FloodGuard\system\Model.php(286): CodeIgniter\Database\BaseBuilder->get()
#5 D:\xampp\htdocs\FloodGuard\system\BaseModel.php(679): CodeIgniter\Model->doFindAll(0, 0)
#6 D:\xampp\htdocs\FloodGuard\app\Controllers\Forum.php(11): CodeIgniter\BaseModel->findAll()
#7 D:\xampp\htdocs\FloodGuard\system\CodeIgniter.php(933): App\Controllers\Forum->index()
#8 D:\xampp\htdocs\FloodGuard\system\CodeIgniter.php(507): CodeIgniter\CodeIgniter->runController(Object(App\Controllers\Forum))
#9 D:\xampp\htdocs\FloodGuard\system\CodeIgniter.php(354): CodeIgniter\CodeIgniter->handleRequest(NULL, Object(Config\Cache), false)
#10 D:\xampp\htdocs\FloodGuard\system\Boot.php(334): CodeIgniter\CodeIgniter->run()
#11 D:\xampp\htdocs\FloodGuard\system\Boot.php(67): CodeIgniter\Boot::runCodeIgniter(Object(CodeIgniter\CodeIgniter))
#12 D:\xampp\htdocs\FloodGuard\public\index.php(59): CodeIgniter\Boot::bootWeb(Object(Config\Paths))
#13 {main}

Next CodeIgniter\Database\Exceptions\DatabaseException: php_network_getaddresses: getaddrinfo for cps2_alertomarikeno_db_alemar failed: No such host is known.  in D:\xampp\htdocs\FloodGuard\system\Database\MySQLi\Connection.php:246
Stack trace:
#0 D:\xampp\htdocs\FloodGuard\system\Database\BaseConnection.php(421): CodeIgniter\Database\MySQLi\Connection->connect(false)
#1 D:\xampp\htdocs\FloodGuard\system\Database\BaseConnection.php(620): CodeIgniter\Database\BaseConnection->initialize()
#2 D:\xampp\htdocs\FloodGuard\system\Database\BaseBuilder.php(1649): CodeIgniter\Database\BaseConnection->query('SELECT *\nFROM `...', Array, false)
#3 D:\xampp\htdocs\FloodGuard\system\Model.php(286): CodeIgniter\Database\BaseBuilder->get()
#4 D:\xampp\htdocs\FloodGuard\system\BaseModel.php(679): CodeIgniter\Model->doFindAll(0, 0)
#5 D:\xampp\htdocs\FloodGuard\app\Controllers\Forum.php(11): CodeIgniter\BaseModel->findAll()
#6 D:\xampp\htdocs\FloodGuard\system\CodeIgniter.php(933): App\Controllers\Forum->index()
#7 D:\xampp\htdocs\FloodGuard\system\CodeIgniter.php(507): CodeIgniter\CodeIgniter->runController(Object(App\Controllers\Forum))
#8 D:\xampp\htdocs\FloodGuard\system\CodeIgniter.php(354): CodeIgniter\CodeIgniter->handleRequest(NULL, Object(Config\Cache), false)
#9 D:\xampp\htdocs\FloodGuard\system\Boot.php(334): CodeIgniter\CodeIgniter->run()
#10 D:\xampp\htdocs\FloodGuard\system\Boot.php(67): CodeIgniter\Boot::runCodeIgniter(Object(CodeIgniter\CodeIgniter))
#11 D:\xampp\htdocs\FloodGuard\public\index.php(59): CodeIgniter\Boot::bootWeb(Object(Config\Paths))
#12 {main}
CRITICAL - 2025-09-29 11:28:10 --> CodeIgniter\Database\Exceptions\DatabaseException: Unable to connect to the database.
Main connection [MySQLi]: php_network_getaddresses: getaddrinfo for cps2_alertomarikeno_db_alemar failed: No such host is known. 
[Method: GET, Route: forum]
in SYSTEMPATH\Database\BaseConnection.php on line 467.
 1 SYSTEMPATH\Database\BaseConnection.php(620): CodeIgniter\Database\BaseConnection->initialize()
 2 SYSTEMPATH\Database\BaseBuilder.php(1649): CodeIgniter\Database\BaseConnection->query('SELECT *
FROM `posts`
ORDER BY `created_at` DESC', [], false)
 3 SYSTEMPATH\Model.php(286): CodeIgniter\Database\BaseBuilder->get()
 4 SYSTEMPATH\BaseModel.php(679): CodeIgniter\Model->doFindAll(0, 0)
 5 APPPATH\Controllers\Forum.php(11): CodeIgniter\BaseModel->findAll()
 6 SYSTEMPATH\CodeIgniter.php(933): App\Controllers\Forum->index()
 7 SYSTEMPATH\CodeIgniter.php(507): CodeIgniter\CodeIgniter->runController(Object(App\Controllers\Forum))
 8 SYSTEMPATH\CodeIgniter.php(354): CodeIgniter\CodeIgniter->handleRequest(null, Object(Config\Cache), false)
 9 SYSTEMPATH\Boot.php(334): CodeIgniter\CodeIgniter->run()
10 SYSTEMPATH\Boot.php(67): CodeIgniter\Boot::runCodeIgniter(Object(CodeIgniter\CodeIgniter))
11 FCPATH\index.php(59): CodeIgniter\Boot::bootWeb(Object(Config\Paths))
DEBUG - 2025-09-29 11:29:01 --> Session: Class initialized using 'CodeIgniter\Session\Handlers\FileHandler' driver.
DEBUG - 2025-09-29 11:29:04 --> Session: Class initialized using 'CodeIgniter\Session\Handlers\FileHandler' driver.
DEBUG - 2025-09-29 11:30:21 --> Session: Class initialized using 'CodeIgniter\Session\Handlers\FileHandler' driver.
DEBUG - 2025-09-29 11:32:10 --> Session: Class initialized using 'CodeIgniter\Session\Handlers\FileHandler' driver.
DEBUG - 2025-09-29 11:39:04 --> Session: Class initialized using 'CodeIgniter\Session\Handlers\FileHandler' driver.
DEBUG - 2025-09-29 11:39:05 --> Session: Class initialized using 'CodeIgniter\Session\Handlers\FileHandler' driver.
DEBUG - 2025-09-29 11:39:10 --> Session: Class initialized using 'CodeIgniter\Session\Handlers\FileHandler' driver.
DEBUG - 2025-09-29 11:39:12 --> Session: Class initialized using 'CodeIgniter\Session\Handlers\FileHandler' driver.
DEBUG - 2025-09-29 11:39:18 --> Session: Class initialized using 'CodeIgniter\Session\Handlers\FileHandler' driver.
DEBUG - 2025-09-29 11:45:23 --> Session: Class initialized using 'CodeIgniter\Session\Handlers\FileHandler' driver.
DEBUG - 2025-09-29 11:45:24 --> Session: Class initialized using 'CodeIgniter\Session\Handlers\FileHandler' driver.
DEBUG - 2025-09-29 11:45:26 --> Session: Class initialized using 'CodeIgniter\Session\Handlers\FileHandler' driver.
DEBUG - 2025-09-29 11:45:28 --> Session: Class initialized using 'CodeIgniter\Session\Handlers\FileHandler' driver.
DEBUG - 2025-09-29 11:47:15 --> Session: Class initialized using 'CodeIgniter\Session\Handlers\FileHandler' driver.
DEBUG - 2025-09-29 11:47:15 --> Session: Class initialized using 'CodeIgniter\Session\Handlers\FileHandler' driver.
DEBUG - 2025-09-29 11:47:17 --> Session: Class initialized using 'CodeIgniter\Session\Handlers\FileHandler' driver.
DEBUG - 2025-09-29 11:47:28 --> Session: Class initialized using 'CodeIgniter\Session\Handlers\FileHandler' driver.
DEBUG - 2025-09-29 11:47:29 --> Session: Class initialized using 'CodeIgniter\Session\Handlers\FileHandler' driver.
DEBUG - 2025-09-29 11:51:20 --> Session: Class initialized using 'CodeIgniter\Session\Handlers\FileHandler' driver.
