ERROR - 2025-09-12 09:38:09 --> Email: sendWithSmtp throwed ErrorException: fsockopen(): Unable to connect to smtp.gmail.com:587 (A connection attempt failed because the connected party did not properly respond after a period of time, or established connection failed because connected host has failed to respond) in D:\xampp\htdocs\FloodGuard\system\Email\Email.php:1900
Stack trace:
#0 [internal function]: CodeIgniter\Debug\Exceptions->errorHandler(2, 'fsockopen(): Un...', 'D:\\xampp\\htdocs...', 1900)
#1 D:\xampp\htdocs\FloodGuard\system\Email\Email.php(1900): fsockopen('smtp.gmail.com', 587, NULL, NULL, 5)
#2 D:\xampp\htdocs\FloodGuard\system\Email\Email.php(1813): CodeIgniter\Email\Email->SMTPConnect()
#3 D:\xampp\htdocs\FloodGuard\system\Email\Email.php(1698): CodeIgniter\Email\Email->sendWithSmtp()
#4 D:\xampp\htdocs\FloodGuard\system\Email\Email.php(1592): CodeIgniter\Email\Email->spoolEmail()
#5 D:\xampp\htdocs\FloodGuard\app\Controllers\Email_cont.php(86): CodeIgniter\Email\Email->send()
#6 D:\xampp\htdocs\FloodGuard\system\CodeIgniter.php(933): App\Controllers\Email_cont->sendEmail()
#7 D:\xampp\htdocs\FloodGuard\system\CodeIgniter.php(507): CodeIgniter\CodeIgniter->runController(Object(App\Controllers\Email_cont))
#8 D:\xampp\htdocs\FloodGuard\system\CodeIgniter.php(354): CodeIgniter\CodeIgniter->handleRequest(NULL, Object(Config\Cache), false)
#9 D:\xampp\htdocs\FloodGuard\system\Boot.php(334): CodeIgniter\CodeIgniter->run()
#10 D:\xampp\htdocs\FloodGuard\system\Boot.php(67): CodeIgniter\Boot::runCodeIgniter(Object(CodeIgniter\CodeIgniter))
#11 D:\xampp\htdocs\FloodGuard\public\index.php(59): CodeIgniter\Boot::bootWeb(Object(Config\Paths))
#12 {main}
ERROR - 2025-09-12 09:38:09 --> Email: Unable to send email using SMTP. Your server might not be configured to send mail using this method.
ERROR - 2025-09-12 09:38:09 --> 
DEBUG - 2025-09-12 13:32:11 --> Session: Class initialized using 'CodeIgniter\Session\Handlers\FileHandler' driver.
DEBUG - 2025-09-12 13:32:39 --> Session: Class initialized using 'CodeIgniter\Session\Handlers\FileHandler' driver.
DEBUG - 2025-09-12 13:33:28 --> Session: Class initialized using 'CodeIgniter\Session\Handlers\FileHandler' driver.
DEBUG - 2025-09-12 13:33:46 --> Session: Class initialized using 'CodeIgniter\Session\Handlers\FileHandler' driver.
DEBUG - 2025-09-12 13:34:16 --> Session: Class initialized using 'CodeIgniter\Session\Handlers\FileHandler' driver.
DEBUG - 2025-09-12 13:37:34 --> Session: Class initialized using 'CodeIgniter\Session\Handlers\FileHandler' driver.
DEBUG - 2025-09-12 13:37:35 --> Session: Class initialized using 'CodeIgniter\Session\Handlers\FileHandler' driver.
DEBUG - 2025-09-12 13:38:22 --> Session: Class initialized using 'CodeIgniter\Session\Handlers\FileHandler' driver.
DEBUG - 2025-09-12 13:38:23 --> Session: Class initialized using 'CodeIgniter\Session\Handlers\FileHandler' driver.
DEBUG - 2025-09-12 13:38:27 --> Session: Class initialized using 'CodeIgniter\Session\Handlers\FileHandler' driver.
DEBUG - 2025-09-12 13:38:27 --> Session: Class initialized using 'CodeIgniter\Session\Handlers\FileHandler' driver.
DEBUG - 2025-09-12 13:38:40 --> Session: Class initialized using 'CodeIgniter\Session\Handlers\FileHandler' driver.
DEBUG - 2025-09-12 13:39:00 --> Session: Class initialized using 'CodeIgniter\Session\Handlers\FileHandler' driver.
DEBUG - 2025-09-12 13:39:01 --> Session: Class initialized using 'CodeIgniter\Session\Handlers\FileHandler' driver.
DEBUG - 2025-09-12 14:03:57 --> Session: Class initialized using 'CodeIgniter\Session\Handlers\FileHandler' driver.
